# serializer version: 1
# name: test_parse_schema[acue.html]
  list([
    dict({
      'description': '''
        8.8 acue
        Delay audio filtering until a given wallclock timestamp. See the cue
        filter.
      ''',
      'json_schema': dict({
      }),
      'name': 'acue',
      'parameters': list([
      ]),
      'ref': 'https://ffmpeg.org/ffmpeg-filters.html#acue',
      'source': '''
        <h3 class="section"><a href="#toc-acue">8.8 acue</a></h3>
        
        <p>Delay audio filtering until a given wallclock timestamp. See the <a href="#cue">cue</a>
        filter.
        </p>
  
      ''',
    }),
  ])
# ---
