# serializer version: 1
# name: test_symbol
  OutputStream(node=OutputNode(kwargs=FrozenDict({}), inputs=(VideoStream(node=FilterNode(kwargs=FrozenDict({'w': Symbol(key='w')}), inputs=(AVStream(node=InputNode(kwargs=FrozenDict({}), inputs=(), filename='input.mp4'), index=None),), name='scale', input_typings=(<StreamType.video: 'video'>,), output_typings=(<StreamType.video: 'video'>,)), index=0),), filename='output.mp4'), index=None)
# ---
