// Vitest Snapshot v1, https://vitest.dev/guide/snapshot.html

exports[`convertToDag > should convert filter chain with multiple nodes 1`] = `
{
  "__class__": "GlobalNode",
  "inputs": [
    {
      "__class__": "OutputStream",
      "index": null,
      "node": {
        "__class__": "OutputNode",
        "filename": "output.mp4",
        "inputs": [],
        "kwargs": {},
      },
    },
  ],
  "kwargs": {},
}
`;

exports[`convertToDag > should convert simple input-output chain 1`] = `
{
  "__class__": "GlobalNode",
  "inputs": [
    {
      "__class__": "OutputStream",
      "index": null,
      "node": {
        "__class__": "OutputNode",
        "filename": "output.mp4",
        "inputs": [],
        "kwargs": {},
      },
    },
  ],
  "kwargs": {},
}
`;

exports[`convertToDag > should handle audio and video streams 1`] = `
{
  "__class__": "GlobalNode",
  "inputs": [
    {
      "__class__": "OutputStream",
      "index": null,
      "node": {
        "__class__": "OutputNode",
        "filename": "output.mp4",
        "inputs": [],
        "kwargs": {},
      },
    },
  ],
  "kwargs": {},
}
`;

exports[`convertToDag > should handle multiple input and output nodes 1`] = `
{
  "__class__": "GlobalNode",
  "inputs": [
    {
      "__class__": "OutputStream",
      "index": null,
      "node": {
        "__class__": "OutputNode",
        "filename": "output.mp4",
        "inputs": [],
        "kwargs": {},
      },
    },
    {
      "__class__": "OutputStream",
      "index": null,
      "node": {
        "__class__": "OutputNode",
        "filename": "output.mp4",
        "inputs": [],
        "kwargs": {},
      },
    },
  ],
  "kwargs": {},
}
`;
