# serializer version: 1
# name: test_load_and_dump[deserialized]
  Person(name='John Doe', age=30, address=Address(street='123 Main St', city='Anytown'))
# ---
# name: test_load_and_dump[serialized]
  '''
  {
    "__class__": "ffmpeg.common.tests.test_serialize.Person",
    "name": "John Doe",
    "age": 30,
    "address": {
      "__class__": "ffmpeg.common.tests.test_serialize.Address",
      "street": "123 Main St",
      "city": "Anytown"
    }
  }
  '''
# ---
# name: test_load_and_dump_mixed_type[serialized]
  '''
  [
    {
      "__class__": "ffmpeg.streams.av.AVStream",
      "node": {
        "__class__": "ffmpeg.dag.nodes.InputNode",
        "kwargs": [],
        "inputs": [],
        "filename": "input.mp4"
      },
      "index": null
    },
    true
  ]
  '''
# ---
# name: test_load_and_dump_on_complex_filter[serialized]
  '''
  {
    "__class__": "ffmpeg.dag.nodes.OutputStream",
    "node": {
      "__class__": "ffmpeg.dag.nodes.OutputNode",
      "kwargs": [],
      "inputs": [
        {
          "__class__": "ffmpeg.streams.video.VideoStream",
          "node": {
            "__class__": "ffmpeg.dag.nodes.FilterNode",
            "kwargs": [
              [
                "x",
                "50"
              ],
              [
                "y",
                "50"
              ],
              [
                "width",
                "120"
              ],
              [
                "height",
                "120"
              ],
              [
                "color",
                "red"
              ],
              [
                "thickness",
                "5"
              ]
            ],
            "inputs": [
              {
                "__class__": "ffmpeg.streams.video.VideoStream",
                "node": {
                  "__class__": "ffmpeg.dag.nodes.FilterNode",
                  "kwargs": [],
                  "inputs": [
                    {
                      "__class__": "ffmpeg.streams.video.VideoStream",
                      "node": {
                        "__class__": "ffmpeg.dag.nodes.FilterNode",
                        "kwargs": [
                          [
                            "n",
                            2.0
                          ]
                        ],
                        "inputs": [
                          {
                            "__class__": "ffmpeg.streams.video.VideoStream",
                            "node": {
                              "__class__": "ffmpeg.dag.nodes.FilterNode",
                              "kwargs": [
                                [
                                  "start_frame",
                                  10
                                ],
                                [
                                  "end_frame",
                                  20
                                ]
                              ],
                              "inputs": [
                                {
                                  "__class__": "ffmpeg.streams.av.AVStream",
                                  "node": {
                                    "__class__": "ffmpeg.dag.nodes.InputNode",
                                    "kwargs": [],
                                    "inputs": [],
                                    "filename": "input.mp4"
                                  },
                                  "index": null
                                }
                              ],
                              "name": "trim",
                              "input_typings": [
                                {
                                  "__class__": "ffmpeg.common.schema.StreamType",
                                  "value": "video"
                                }
                              ],
                              "output_typings": [
                                {
                                  "__class__": "ffmpeg.common.schema.StreamType",
                                  "value": "video"
                                }
                              ]
                            },
                            "index": 0
                          },
                          {
                            "__class__": "ffmpeg.streams.video.VideoStream",
                            "node": {
                              "__class__": "ffmpeg.dag.nodes.FilterNode",
                              "kwargs": [
                                [
                                  "start_frame",
                                  30
                                ],
                                [
                                  "end_frame",
                                  40
                                ]
                              ],
                              "inputs": [
                                {
                                  "__class__": "ffmpeg.streams.av.AVStream",
                                  "node": {
                                    "__class__": "ffmpeg.dag.nodes.InputNode",
                                    "kwargs": [],
                                    "inputs": [],
                                    "filename": "input.mp4"
                                  },
                                  "index": null
                                }
                              ],
                              "name": "trim",
                              "input_typings": [
                                {
                                  "__class__": "ffmpeg.common.schema.StreamType",
                                  "value": "video"
                                }
                              ],
                              "output_typings": [
                                {
                                  "__class__": "ffmpeg.common.schema.StreamType",
                                  "value": "video"
                                }
                              ]
                            },
                            "index": 0
                          }
                        ],
                        "name": "concat",
                        "input_typings": [
                          {
                            "__class__": "ffmpeg.common.schema.StreamType",
                            "value": "video"
                          },
                          {
                            "__class__": "ffmpeg.common.schema.StreamType",
                            "value": "video"
                          }
                        ],
                        "output_typings": [
                          {
                            "__class__": "ffmpeg.common.schema.StreamType",
                            "value": "video"
                          }
                        ]
                      },
                      "index": 0
                    },
                    {
                      "__class__": "ffmpeg.streams.video.VideoStream",
                      "node": {
                        "__class__": "ffmpeg.dag.nodes.FilterNode",
                        "kwargs": [],
                        "inputs": [
                          {
                            "__class__": "ffmpeg.streams.av.AVStream",
                            "node": {
                              "__class__": "ffmpeg.dag.nodes.InputNode",
                              "kwargs": [],
                              "inputs": [],
                              "filename": "overlay.png"
                            },
                            "index": null
                          }
                        ],
                        "name": "hflip",
                        "input_typings": [
                          {
                            "__class__": "ffmpeg.common.schema.StreamType",
                            "value": "video"
                          }
                        ],
                        "output_typings": [
                          {
                            "__class__": "ffmpeg.common.schema.StreamType",
                            "value": "video"
                          }
                        ]
                      },
                      "index": 0
                    }
                  ],
                  "name": "overlay",
                  "input_typings": [
                    {
                      "__class__": "ffmpeg.common.schema.StreamType",
                      "value": "video"
                    },
                    {
                      "__class__": "ffmpeg.common.schema.StreamType",
                      "value": "video"
                    }
                  ],
                  "output_typings": [
                    {
                      "__class__": "ffmpeg.common.schema.StreamType",
                      "value": "video"
                    }
                  ]
                },
                "index": 0
              }
            ],
            "name": "drawbox",
            "input_typings": [
              {
                "__class__": "ffmpeg.common.schema.StreamType",
                "value": "video"
              }
            ],
            "output_typings": [
              {
                "__class__": "ffmpeg.common.schema.StreamType",
                "value": "video"
              }
            ]
          },
          "index": 0
        }
      ],
      "filename": "out.mp4"
    },
    "index": null
  }
  '''
# ---
