# serializer version: 1
# name: test_load_and_dump[deserialized]
  Person(name='John Doe', age=30, address=Address(street='123 Main St', city='Anytown'))
# ---
# name: test_load_and_dump[serialized]
  '''
  {
    "__class__": "ffmpeg.common.tests.test_serialize.Person",
    "name": "John Doe",
    "age": 30,
    "address": {
      "__class__": "ffmpeg.common.tests.test_serialize.Address",
      "street": "123 Main St",
      "city": "Anytown"
    }
  }
  '''
# ---
